// Jest Snapshot v1, https://goo.gl/fbAQLP

exports[`Test in <GifGridItem /> should show correctly the component 1`] = `
<div
  className="card animate__animated animate__fadeIn"
>
  <p>
    Test
  </p>
  <img
    alt="Test"
    src="http://test.com"
  />
  <small>
    Test
  </small>
</div>
`;
